#-----------------------------------------------------------
# Vivado v2024.1 (64-bit)
# SW Build 5076996 on Wed May 22 18:37:14 MDT 2024
# IP Build 5075265 on Wed May 22 21:45:21 MDT 2024
# SharedData Build 5076995 on Wed May 22 18:29:18 MDT 2024
# Start of session at: Tue Jan 14 13:07:11 2025
# Process ID: 22240
# Current directory: C:/Users/fabis/OneDrive/Dokumente/GitHub/sus-float/fsegref_WrapperTests/Vivado_Test01/Vivado_Test01.runs/floating_point_0_synth_1
# Command line: vivado.exe -log floating_point_0.vds -product Vivado -mode batch -messageDb vivado.pb -notrace -source floating_point_0.tcl
# Log file: C:/Users/fabis/OneDrive/Dokumente/GitHub/sus-float/fsegref_WrapperTests/Vivado_Test01/Vivado_Test01.runs/floating_point_0_synth_1/floating_point_0.vds
# Journal file: C:/Users/fabis/OneDrive/Dokumente/GitHub/sus-float/fsegref_WrapperTests/Vivado_Test01/Vivado_Test01.runs/floating_point_0_synth_1\vivado.jou
# Running On        :Fabo
# Platform          :Windows Server 2016 or Windows 10
# Operating System  :26100
# Processor Detail  :11th Gen Intel(R) Core(TM) i7-11370H @ 3.30GHz
# CPU Frequency     :3302 MHz
# CPU Physical cores:4
# CPU Logical cores :8
# Host memory       :17005 MB
# Swap memory       :1073 MB
# Total Virtual     :18079 MB
# Available Virtual :3299 MB
#-----------------------------------------------------------
source floating_point_0.tcl -notrace
